papara called as:
papara -t /home/gavin/github_repos/picrust_repos/picrust2/tests/test_data/place_seqs/img_centroid_16S_aligned_head30.tre -s ref_seqs.phylip -q /home/gavin/github_repos/picrust_repos/picrust2/tests/test_data/place_seqs/study_seqs_test.fasta -j 1 -n out 
references container instantiated as: papara::references<pvec_pgap, sequence_model::tag_dna>
edges: 27
scoring scheme: -3 -1 2 -3
papara_core version 2.5
start scoring, using 1 threads
thread 0: 1.19928 gncup/s
scoring finished: 0.0579479
generating best scoring alignments
SUCCESS 0.115525
